package example

// replace: do/not/exist -> exist
import _ "github.com/package/exist/three"

func example() {
}