package example

// replace: do/not/exist -> exist
import "github.com/package/exist/three"

func example() {
    three.Print()
}